
          -------------------------------------------------------
          Amber 18 SANDER                              2018
          -------------------------------------------------------

| Run on 07/15/2024 at 09:45:15

|   Executable path: /home/case/phenix-dev-5383/build/../conda_base/bin/msander.LES
| Working directory: /home/case/phenix_dev/modules/amber_adaptbx/tests/files/1aho
|          Hostname: Unknown
  [-O]verwriting output

File Assignments:
|  MDIN: 1aho_amber_all.in                                                     
| MDOUT: 1aho.min.out                                                          
|INPCRD: 4amber_1aho.rst7                                                      
|  PARM: 4amber_1aho.prmtop                                                    
|RESTRT: 4amber_1aho.min.rst7                                                  
|  REFC: 4amber_1aho.rst7                                                      
| MDVEL: mdvel                                                                 
| MDFRC: mdfrc                                                                 
|  MDEN: mden                                                                  
| MDCRD: mdcrd                                                                 
|MDINFO: mdinfo                                                                
|  MTMD: mtmd                                                                  
|INPDIP: inpdip                                                                
|RSTDIP: rstdip                                                                
|INPTRA: inptraj                                                               


 Here is the input file:

Initial minimization                                                           
      &cntrl                                                                   
       ntwx   = 0, ntb    = 1, cut    = 9.0,     nsnb   = 10,                  
       imin   = 1, maxcyc = 50, ncyc   = 200, ntxo = 1,                        
       ntpr=10, ntr=1, restraint_wt=2.0, restraintmask='!@H=',                 
      /                                                                        
                                                                               

--------------------------------------------------------------------------------
   1.  RESOURCE   USE: 
--------------------------------------------------------------------------------

| Flags: LES                                                                    
 getting new box info from bottom of inpcrd
|Largest sphere to fit in unit cell has radius =    15.050
 NATOM  =    5456 NTYPES =      24 NBONH =    3392 MBONA  =    2148
 NTHETH =    4220 MTHETA =    2932 NPHIH =    8992 MPHIA  =    9232
 NHPARM =       0 NPARM  =       1 NNB   =   25652 NRES   =     764
 NBONA  =    2148 NTHETA =    2932 NPHIA =    9232 NUMBND =      81
 NUMANG =     177 NPTRA  =     257 NATYP =      34 NPHB   =       1
 IFBOX  =       1 NMXRS  =      26 IFCAP =       0 NEXTRA =       0
 NCOPY  =       2


|     Memory Use     Allocated
|     Real              944968
|     Hollerith          17134
|     Integer           372553
|     Max Pairs        4841290
|     nblistReal         65472
|     nblist Int        291536
|       Total            29466 kbytes

| Note: 1-4 EEL scale factors were NOT found in the topology file.
|       Using default value of 1.2.

| Note: 1-4 VDW scale factors were NOT found in the topology file.
|       Using default value of 2.0.
 LES parameters were found
     560 LES atom pairs require adjustment
| Duplicated    0 dihedrals
| Duplicated    0 dihedrals

     BOX TYPE: RECTILINEAR

--------------------------------------------------------------------------------
   2.  CONTROL  DATA  FOR  THE  RUN
--------------------------------------------------------------------------------

defa                                                                            

General flags:
     imin    =       1, nmropt  =       0

Nature and format of input:
     ntx     =       1, irest   =       0, ntrx    =       1

Nature and format of output:
     ntxo    =       1, ntpr    =      10, ntrx    =       1, ntwr    =       1
     ntwx    =       0, ntwv    =       0, ntwe    =       0
     ioutfm  =       0, ntwprt  =       0, rbornstat=      0

Potential function:
     ntf     =       1, ntb     =       1, igb     =       0, nsnb    =      10
     ipol    =       0, gbsa    =       0, iesp    =       0
     dielc   =   1.00000, cut     =   9.00000, intdiel =   1.00000

Frozen or restrained atoms:
     ibelly  =       0, ntr     =       1
     restraint_wt =   2.00000

Energy minimization:
     maxcyc  =      50, ncyc    =     200, ntmin   =       3
     dx0     =   0.01000, drms    =   0.00010

LMOD:
     xmin_method                  = LBFGS
     lbfgs_memory_depth           =       3
     matrix_vector_product_method = forward finite difference
     xmin_verbosity               =       0

Ewald parameters:
     verbose =       0, ew_type =       0, nbflag  =       1, use_pme =       1
     vdwmeth =       1, eedmeth =       1, netfrc  =       0
     Box X =   45.900   Box Y =   40.700   Box Z =   30.100
     Alpha =   90.000   Beta  =   90.000   Gamma =   90.000
     NFFT1 =   48       NFFT2 =   40       NFFT3 =   30
     Cutoff=    9.000   Tol   = 0.100E-04
     Ewald Coefficient =  0.30768
     Interpolation order =    4

    LOADING THE CONSTRAINED ATOMS AS GROUPS


   5.  REFERENCE ATOM COORDINATES

      
     Mask !@H=; matches    2580 atoms

--------------------------------------------------------------------------------
   3.  ATOMIC COORDINATES AND VELOCITIES
--------------------------------------------------------------------------------

                                                                                
 begin time read from input coords =     0.000 ps

 Number of triangulated 3-point waters found:      516

     Sum of charges from parm topology file =       4.0000
     Assuming uniform neutralizing plasma

--------------------------------------------------------------------------------
   4.  RESULTS
--------------------------------------------------------------------------------

  LMOD XMIN Minimization.

  Note: Owing to the behaviour of the XMIN algorithm,
        coordinates in the trajectory and intermediate
        restart files will not match up with energies
        in the mdout and mdinfo files. The final energy
        and final coordinates do match.

 ---------------------------------------------------
 APPROXIMATING switch and d/dx switch using CUBIC SPLINE INTERPOLATION
 using   5000.0 points per unit in tabled values
 TESTING RELATIVE ERROR over r ranging from 0.0 to cutoff
| CHECK switch(x): max rel err =   0.2211E-08   at   0.000080
| CHECK d/dx switch(x): max rel err =   0.3900E-04   at   0.000020
 ---------------------------------------------------
| Local SIZE OF NONBOND LIST =    1485004
| TOTAL SIZE OF NONBOND LIST =    1485004


   NSTEP       ENERGY          RMS            GMAX         NAME    NUMBER
      0       3.2191E+06     1.2516E+05     4.2328E+06     O        3814

 BOND    =    12713.3996  ANGLE   =     4918.3210  DIHED      =     2721.6334
 VDWAALS =  3204495.1091  EEL     =   -18528.4684  HBOND      =        0.0000
 1-4 VDW =     1618.5805  1-4 EEL =    11156.2397  RESTRAINT  =        0.0000


   NSTEP       ENERGY          RMS            GMAX         NAME    NUMBER
     10       1.0173E+04     3.4141E+01     5.5273E+02     CG       3097

 BOND    =     7575.2936  ANGLE   =     3562.1567  DIHED      =     2712.5024
 VDWAALS =     2547.7233  EEL     =   -18900.5495  HBOND      =        0.0000
 1-4 VDW =     1498.6571  1-4 EEL =    11121.5567  RESTRAINT  =       55.3643
 EAMBER  =    10117.3402


   NSTEP       ENERGY          RMS            GMAX         NAME    NUMBER
     20      -8.5393E+03     7.7791E+00     1.3573E+02     H2       3813

 BOND    =      513.8945  ANGLE   =      771.2115  DIHED      =     2741.8290
 VDWAALS =    -1716.9304  EEL     =   -23043.7443  HBOND      =        0.0000
 1-4 VDW =      970.3346  1-4 EEL =    10920.6034  RESTRAINT  =      303.5079
 EAMBER  =    -8842.8017


   NSTEP       ENERGY          RMS            GMAX         NAME    NUMBER
     30      -1.0982E+04     3.9853E+00     4.9783E+01     O        2693

 BOND    =      430.9067  ANGLE   =      586.2590  DIHED      =     2738.2257
 VDWAALS =    -2086.8182  EEL     =   -24832.6016  HBOND      =        0.0000
 1-4 VDW =      893.0586  1-4 EEL =    10869.3102  RESTRAINT  =      420.1545
 EAMBER  =   -11401.6596


   NSTEP       ENERGY          RMS            GMAX         NAME    NUMBER
     40      -1.2044E+04     2.6044E+00     2.6702E+01     H1       2694

 BOND    =      402.1968  ANGLE   =      550.4355  DIHED      =     2706.6819
 VDWAALS =    -2195.7746  EEL     =   -25610.0086  HBOND      =        0.0000
 1-4 VDW =      851.3422  1-4 EEL =    10776.9795  RESTRAINT  =      473.7263
 EAMBER  =   -12518.1473


   NSTEP       ENERGY          RMS            GMAX         NAME    NUMBER
     50      -1.2839E+04     1.9461E+00     2.4095E+01     CD       4593

 BOND    =      401.6041  ANGLE   =      506.3646  DIHED      =     2657.5087
 VDWAALS =    -2254.1369  EEL     =   -26297.1029  HBOND      =        0.0000
 1-4 VDW =      846.0387  1-4 EEL =    10784.5441  RESTRAINT  =      516.3458
 EAMBER  =   -13355.1796

--------------------------------------------------------------------------------
   5.  TIMINGS
--------------------------------------------------------------------------------

|                Build the list             0.12 (96.80% of List )
|                Other                      0.00 ( 3.20% of List )
|             List time                  0.13 (11.05% of Nonbo)
|                   Short_ene time             0.88 (99.32% of Direc)
|                Direct Ewald time          0.88 (87.87% of Ewald)
|                Adjust Ewald time          0.02 ( 1.69% of Ewald)
|                   Fill Bspline coeffs        0.01 ( 6.67% of Recip)
|                   Fill charge grid           0.02 (16.19% of Recip)
|                   Scalar sum                 0.00 ( 2.86% of Recip)
|                   Grad sum                   0.03 (27.62% of Recip)
|                   FFT time                   0.05 (46.67% of Recip)
|                Recip Ewald time           0.10 (10.44% of Ewald)
|             Ewald time                 1.01 (88.95% of Nonbo)
|          Nonbond force              1.13 (92.03% of Force)
|          Bond/Angle/Dihedral        0.10 ( 7.97% of Force)
|       Force time                 1.23 (100.0% of Runmd)
|    Runmd Time                 1.23 (77.88% of Total)
|    Other                      0.35 (21.93% of Total)
| Total time                 1.58 (100.0% of ALL  )

| Number of list builds   :          5

| Highest rstack allocated:     277606
| Highest istack allocated:       5456
|           Job began  at 09:45:15.817  on 07/15/2024
|           Setup done at 09:45:15.883  on 07/15/2024
|           Run   done at 09:45:17.396  on 07/15/2024
|     wallclock() was called    2220 times
